\BOOKMARK [0][-]{chapter*.5}{\376\377\000R\000E\000S\000U\000M\000E\000N}{}% 1
\BOOKMARK [0][-]{chapter*.6}{\376\377\000I\000N\000T\000R\000O\000D\000U\000C\000C\000I\000\323\000N}{}% 2
\BOOKMARK [0][-]{chapter*.7}{\376\377\000C\000A\000P\000\315\000T\000U\000L\000O\000\040\0001\000.\000\040\000B\000A\000S\000E\000S\000\040\000C\000O\000N\000C\000E\000P\000T\000U\000A\000L\000E\000S}{}% 3
\BOOKMARK [1][-]{section.1.1}{\376\377\000D\000e\000u\000d\000a\000\040\000s\000o\000c\000i\000a\000l\000\040\000e\000n\000\040\000e\000l\000\040\000d\000e\000s\000a\000r\000r\000o\000l\000l\000o\000\040\000d\000e\000\040\000s\000o\000f\000t\000w\000a\000r\000e}{chapter*.7}% 4
\BOOKMARK [2][-]{subsection.1.1.1}{\376\377\000A\000n\000a\000l\000o\000g\000\355\000a\000\040\000y\000\040\000D\000i\000s\000t\000i\000n\000c\000i\000\363\000n\000\040\000c\000o\000n\000\040\000l\000a\000\040\000D\000e\000u\000d\000a\000\040\000T\000\351\000c\000n\000i\000c\000a}{section.1.1}% 5
\BOOKMARK [2][-]{subsection.1.1.2}{\376\377\000L\000a\000s\000\040\000`\000`\000C\000o\000m\000m\000u\000n\000i\000t\000y\000\040\000S\000m\000e\000l\000l\000s\000'\000'\000\040\000c\000o\000m\000o\000\040\000F\000u\000e\000n\000t\000e\000\040\000D\000i\000r\000e\000c\000t\000a\000\040\000d\000e\000\040\000D\000e\000u\000d\000a\000\040\000S\000o\000c\000i\000a\000l}{section.1.1}% 6
\BOOKMARK [2][-]{subsection.1.1.3}{\376\377\000E\000l\000\040\000I\000m\000p\000a\000c\000t\000o\000\040\000d\000e\000\040\000l\000a\000\040\000D\000e\000u\000d\000a\000\040\000S\000o\000c\000i\000a\000l\000\040\000e\000n\000\040\000e\000l\000\040\000E\000n\000t\000o\000r\000n\000o\000\040\000\301\000g\000i\000l}{section.1.1}% 7
\BOOKMARK [2][-]{subsection.1.1.4}{\376\377\000D\000e\000s\000a\000f\000\355\000o\000s\000\040\000e\000n\000\040\000l\000a\000\040\000M\000e\000d\000i\000c\000i\000\363\000n\000\040\000y\000\040\000G\000e\000s\000t\000i\000\363\000n\000\040\000d\000e\000\040\000l\000a\000\040\000D\000e\000u\000d\000a\000\040\000S\000o\000c\000i\000a\000l}{section.1.1}% 8
\BOOKMARK [1][-]{section.1.2}{\376\377\000C\000o\000m\000u\000n\000i\000c\000a\000c\000i\000\363\000n\000,\000\040\000c\000o\000l\000a\000b\000o\000r\000a\000c\000i\000\363\000n\000\040\000y\000\040\000c\000o\000o\000r\000d\000i\000n\000a\000c\000i\000\363\000n\000\040\000\050\0003\000C\000\051}{chapter*.7}% 9
\BOOKMARK [2][-]{subsection.1.2.1}{\376\377\000C\000o\000m\000u\000n\000i\000c\000a\000c\000i\000\363\000n}{section.1.2}% 10
\BOOKMARK [2][-]{subsection.1.2.2}{\376\377\000C\000o\000l\000a\000b\000o\000r\000a\000c\000i\000\363\000n}{section.1.2}% 11
\BOOKMARK [2][-]{subsection.1.2.3}{\376\377\000C\000o\000o\000r\000d\000i\000n\000a\000c\000i\000\363\000n}{section.1.2}% 12
\BOOKMARK [2][-]{subsection.1.2.4}{\376\377\000C\000o\000n\000c\000l\000u\000s\000i\000\363\000n\000\040\000s\000o\000b\000r\000e\000\040\000l\000a\000s\000\040\0003\000C}{section.1.2}% 13
\BOOKMARK [1][-]{section.1.3}{\376\377\000C\000o\000m\000p\000r\000o\000m\000i\000s\000o\000\040\000o\000r\000g\000a\000n\000i\000z\000a\000c\000i\000o\000n\000a\000l\000\040\000y\000\040\000r\000e\000s\000i\000s\000t\000e\000n\000c\000i\000a\000\040\000a\000l\000\040\000c\000a\000m\000b\000i\000o}{chapter*.7}% 14
\BOOKMARK [2][-]{subsection.1.3.1}{\376\377\000C\000o\000m\000p\000r\000o\000m\000i\000s\000o\000\040\000o\000r\000g\000a\000n\000i\000z\000a\000c\000i\000o\000n\000a\000l}{section.1.3}% 15
\BOOKMARK [3][-]{subsubsection.1.3.1.1}{\376\377\000D\000e\000u\000d\000a\000\040\000d\000e\000\040\000p\000e\000r\000s\000o\000n\000a\000s}{subsection.1.3.1}% 16
\BOOKMARK [3][-]{subsubsection.1.3.1.2}{\376\377\000D\000e\000u\000d\000a\000\040\000c\000u\000l\000t\000u\000r\000a\000l}{subsection.1.3.1}% 17
\BOOKMARK [2][-]{subsection.1.3.2}{\376\377\000R\000e\000s\000i\000s\000t\000e\000n\000c\000i\000a\000\040\000o\000r\000g\000a\000n\000i\000z\000a\000c\000i\000o\000n\000a\000l\000\040\000a\000l\000\040\000c\000a\000m\000b\000i\000o}{section.1.3}% 18
\BOOKMARK [3][-]{subsubsection.1.3.2.1}{\376\377\000D\000e\000u\000d\000a\000\040\000b\000a\000s\000a\000d\000a\000\040\000e\000n\000\040\000l\000a\000\040\000o\000b\000s\000o\000l\000e\000s\000c\000e\000n\000c\000i\000a}{subsection.1.3.2}% 19
\BOOKMARK [3][-]{subsubsection.1.3.2.2}{\376\377\000D\000e\000u\000d\000a\000\040\000b\000a\000s\000a\000d\000a\000\040\000e\000n\000\040\000l\000a\000\040\000a\000c\000u\000m\000u\000l\000a\000c\000i\000\363\000n}{subsection.1.3.2}% 20
\BOOKMARK [1][-]{section.1.4}{\376\377\000S\000\355\000n\000d\000r\000o\000m\000e\000\040\000d\000e\000\040\000B\000u\000r\000n\000o\000u\000t\000\040\000c\000o\000m\000o\000\040\000s\000\355\000n\000t\000o\000m\000a\000\040\000d\000e\000\040\000d\000e\000u\000d\000a\000\040\000s\000o\000c\000i\000a\000l}{chapter*.7}% 21
\BOOKMARK [1][-]{section.1.5}{\376\377\000M\000o\000d\000e\000l\000o\000s\000\040\000d\000e\000\040\000e\000v\000a\000l\000u\000a\000c\000i\000\363\000n\000\040\000y\000\040\000m\000e\000d\000i\000c\000i\000\363\000n}{chapter*.7}% 22
\BOOKMARK [2][-]{subsection.1.5.1}{\376\377\000M\000o\000d\000e\000l\000o\000s\000\040\000e\000x\000i\000s\000t\000e\000n\000t\000e\000s}{section.1.5}% 23
\BOOKMARK [3][-]{subsubsection.1.5.1.1}{\376\377\000G\000o\000a\000l\000-\000Q\000u\000e\000s\000t\000i\000o\000n\000-\000M\000e\000t\000r\000i\000c\000\040\000\050\000G\000Q\000M\000\051}{subsection.1.5.1}% 24
\BOOKMARK [3][-]{subsubsection.1.5.1.2}{\376\377\000G\000E\000E\000Z\000M\000O}{subsection.1.5.1}% 25
\BOOKMARK [3][-]{subsubsection.1.5.1.3}{\376\377\000C\000A\000F\000F\000E\000A}{subsection.1.5.1}% 26
\BOOKMARK [3][-]{subsubsection.1.5.1.4}{\376\377\000C\000o\000d\000e\000F\000a\000c\000e\0004\000S\000m\000e\000l\000l}{subsection.1.5.1}% 27
\BOOKMARK [3][-]{subsubsection.1.5.1.5}{\376\377\000D\000A\000H\000L\000I\000A}{subsection.1.5.1}% 28
\BOOKMARK [3][-]{subsubsection.1.5.1.6}{\376\377\000Y\000O\000S\000H\000I}{subsection.1.5.1}% 29
\BOOKMARK [2][-]{subsection.1.5.2}{\376\377\000T\000a\000b\000l\000a\000\040\000d\000e\000\040\000h\000e\000r\000r\000a\000m\000i\000e\000n\000t\000a\000s\000\040\000y\000\040\000m\000a\000r\000c\000o\000s\000\040\000p\000a\000r\000a\000\040\000l\000a\000\040\000g\000e\000s\000t\000i\000\363\000n\000\040\000d\000e\000\040\000l\000a\000\040\000d\000e\000u\000d\000a\000\040\000s\000o\000c\000i\000a\000l}{section.1.5}% 30
\BOOKMARK [1][-]{section.1.6}{\376\377\000S\000c\000r\000u\000m\000\040\000c\000o\000m\000o\000\040\000m\000a\000r\000c\000o\000\040\000b\000a\000s\000e\000\040\000p\000a\000r\000a\000\040\000l\000a\000\040\000a\000d\000a\000p\000t\000a\000c\000i\000\363\000n}{chapter*.7}% 31
\BOOKMARK [2][-]{subsection.1.6.1}{\376\377\000D\000e\000f\000i\000n\000i\000c\000i\000\363\000n\000\040\000d\000e\000\040\000S\000c\000r\000u\000m}{section.1.6}% 32
\BOOKMARK [2][-]{subsection.1.6.2}{\376\377\000A\000d\000a\000p\000t\000a\000c\000i\000\363\000n\000\040\000d\000e\000\040\000S\000c\000r\000u\000m\000\040\000p\000a\000r\000a\000\040\000l\000a\000\040\000g\000e\000s\000t\000i\000\363\000n\000\040\000d\000e\000\040\000l\000a\000\040\000d\000e\000u\000d\000a\000\040\000s\000o\000c\000i\000a\000l}{section.1.6}% 33
\BOOKMARK [0][-]{chapter*.8}{\376\377\000C\000A\000P\000\315\000T\000U\000L\000O\000\040\0002\000.\000\040\000P\000R\000O\000C\000E\000S\000O\000\040\000\301\000G\000I\000L\000\040\000P\000A\000R\000A\000\040\000L\000A\000\040\000G\000E\000S\000T\000I\000\323\000N\000\040\000D\000E\000\040\000L\000A\000\040\000D\000E\000U\000D\000A\000\040\000S\000O\000C\000I\000A\000L}{}% 34
\BOOKMARK [1][-]{section.2.1}{\376\377\000A\000d\000a\000p\000t\000a\000c\000i\000\363\000n\000\040\000d\000e\000\040\000S\000c\000r\000u\000m\000\040\000p\000a\000r\000a\000\040\000l\000a\000\040\000g\000e\000s\000t\000i\000\363\000n\000\040\000d\000e\000\040\000l\000a\000\040\000d\000e\000u\000d\000a\000\040\000s\000o\000c\000i\000a\000l}{chapter*.8}% 35
\BOOKMARK [2][-]{subsection.2.1.1}{\376\377\000M\000o\000t\000i\000v\000a\000c\000i\000\363\000n\000\040\000p\000a\000r\000a\000\040\000l\000a\000\040\000a\000d\000a\000p\000t\000a\000c\000i\000\363\000n\000\040\000d\000e\000\040\000S\000c\000r\000u\000m}{section.2.1}% 36
\BOOKMARK [2][-]{subsection.2.1.2}{\376\377\000E\000v\000e\000n\000t\000o\000s\000\040\000y\000\040\000a\000r\000t\000e\000f\000a\000c\000t\000o\000s\000\040\000d\000e\000\040\000S\000c\000r\000u\000m\000\040\000a\000d\000a\000p\000t\000a\000d\000o\000s}{section.2.1}% 37
\BOOKMARK [1][-]{section.2.2}{\376\377\000F\000u\000n\000d\000a\000m\000e\000n\000t\000o\000s\000\040\000d\000e\000l\000\040\000m\000o\000d\000e\000l\000o\000\040\000S\000o\000c\000i\000a\000l\000S\000c\000r\000u\000m}{chapter*.8}% 38
\BOOKMARK [2][-]{subsection.2.2.1}{\376\377\000P\000r\000i\000n\000c\000i\000p\000i\000o\000s\000\040\000a\000d\000a\000p\000t\000a\000d\000o\000s\000\040\000d\000e\000\040\000S\000c\000r\000u\000m}{section.2.2}% 39
\BOOKMARK [3][-]{subsubsection.2.2.1.1}{\376\377\000T\000r\000a\000n\000s\000p\000a\000r\000e\000n\000c\000i\000a\000:\000\040\000E\000s\000c\000l\000a\000r\000e\000c\000i\000e\000n\000d\000o\000\040\000l\000a\000\040\000D\000e\000u\000d\000a\000\040\000S\000o\000c\000i\000a\000l\000\040\000O\000c\000u\000l\000t\000a}{subsection.2.2.1}% 40
\BOOKMARK [3][-]{subsubsection.2.2.1.2}{\376\377\000I\000n\000s\000p\000e\000c\000c\000i\000\363\000n\000:\000\040\000E\000v\000a\000l\000u\000a\000n\000d\000o\000\040\000l\000a\000s\000\040\000I\000n\000t\000e\000r\000a\000c\000c\000i\000o\000n\000e\000s\000\040\000S\000o\000c\000i\000a\000l\000e\000s}{subsection.2.2.1}% 41
\BOOKMARK [3][-]{subsubsection.2.2.1.3}{\376\377\000A\000d\000a\000p\000t\000a\000c\000i\000\363\000n\000:\000\040\000A\000j\000u\000s\000t\000a\000n\000d\000o\000\040\000e\000l\000\040\000R\000u\000m\000b\000o\000\040\000S\000o\000c\000i\000a\000l}{subsection.2.2.1}% 42
\BOOKMARK [2][-]{subsection.2.2.2}{\376\377\000V\000a\000l\000o\000r\000e\000s\000\040\000c\000o\000m\000p\000l\000e\000m\000e\000n\000t\000a\000r\000i\000o\000s\000\040\000p\000r\000o\000p\000u\000e\000s\000t\000o\000s}{section.2.2}% 43
\BOOKMARK [2][-]{subsection.2.2.3}{\376\377\000T\000a\000b\000l\000a\000\040\000d\000e\000\040\000e\000q\000u\000i\000v\000a\000l\000e\000n\000c\000i\000a\000s\000\040\000e\000n\000t\000r\000e\000\040\000M\000a\000s\000l\000o\000w\000\040\000y\000\040\000S\000o\000c\000i\000a\000l\000S\000c\000r\000u\000m}{section.2.2}% 44
\BOOKMARK [1][-]{section.2.3}{\376\377\000D\000i\000s\000e\000\361\000o\000\040\000d\000e\000l\000\040\000p\000r\000o\000c\000e\000s\000o\000\040\000p\000r\000o\000p\000u\000e\000s\000t\000o\000s}{chapter*.8}% 45
\BOOKMARK [2][-]{subsection.2.3.1}{\376\377\000E\000v\000e\000n\000t\000o\000s\000\040\000m\000o\000d\000i\000f\000i\000c\000a\000d\000o\000s}{section.2.3}% 46
\BOOKMARK [2][-]{subsection.2.3.2}{\376\377\000A\000r\000t\000e\000f\000a\000c\000t\000o\000s\000\040\000a\000j\000u\000s\000t\000a\000d\000o\000s}{section.2.3}% 47
\BOOKMARK [2][-]{subsection.2.3.3}{\376\377\000N\000u\000e\000v\000o\000\040\000r\000o\000l\000:\000\040\000S\000o\000c\000i\000a\000l\000\040\000G\000u\000i\000d\000e}{section.2.3}% 48
\BOOKMARK [1][-]{section.2.4}{\376\377\000M\000a\000p\000a\000\040\000g\000e\000n\000e\000r\000a\000l\000\040\000d\000e\000l\000\040\000p\000r\000o\000c\000e\000s\000o\000\040\000S\000o\000c\000i\000a\000l\000S\000c\000r\000u\000m}{chapter*.8}% 49
\BOOKMARK [0][-]{chapter*.9}{\376\377\000C\000A\000P\000\315\000T\000U\000L\000O\000\040\0003\000.\000\040\000A\000P\000L\000I\000C\000A\000C\000I\000\323\000N\000\040\000D\000E\000\040\000S\000O\000C\000I\000A\000L\000S\000C\000R\000U\000M\000\040\000E\000N\000\040\000E\000Q\000U\000I\000P\000O\000S\000\040\000D\000E\000\040\000D\000E\000S\000A\000R\000R\000O\000L\000L\000O\000\040\000D\000E\000\040\000S\000O\000F\000T\000W\000A\000R\000E\000\040\000\301\000G\000I\000L}{}% 50
\BOOKMARK [0][-]{chapter*.10}{\376\377\000C\000A\000P\000\315\000T\000U\000L\000O\000\040\0004\000.\000\040\000H\000E\000R\000R\000A\000M\000I\000E\000N\000T\000A\000S\000\040\000P\000A\000R\000A\000\040\000L\000A\000\040\000A\000P\000L\000I\000C\000A\000C\000I\000\323\000N\000\040\000D\000E\000\040\000S\000O\000C\000I\000A\000L\000S\000C\000R\000U\000M}{}% 51
\BOOKMARK [0][-]{chapter*.11}{\376\377\000C\000A\000P\000\315\000T\000U\000L\000O\000\040\0005\000.\000\040\000C\000O\000N\000C\000L\000U\000S\000I\000O\000N\000E\000S\000,\000\040\000R\000E\000C\000O\000M\000E\000N\000D\000A\000C\000I\000O\000N\000E\000S\000\040\000Y\000\040\000T\000R\000A\000B\000A\000J\000O\000S\000\040\000F\000U\000T\000U\000R\000O\000S}{}% 52
\BOOKMARK [0][-]{chapter*.11}{\376\377\000R\000E\000F\000E\000R\000E\000N\000C\000I\000A\000S\000\040\000B\000I\000B\000L\000I\000O\000G\000R\000\301\000F\000I\000C\000A\000S}{}% 53
